/*C6*/SET SCHEMA PUBLIC
CREATE TABLE employees(id int GENERATED BY DEFAULT AS IDENTITY,workplace VARCHAR(20),salary VARCHAR(20))
DISCONNECT
/*C5*/SET SCHEMA PUBLIC
drop table employees
/*C7*/SET SCHEMA PUBLIC
CREATE TABLE employees(id int GENERATED BY DEFAULT AS IDENTITY,workplace VARCHAR(20),salary VARCHAR(20))
DISCONNECT
/*C5*/DISCONNECT
